CREATE EXTENSION base36;
SELECT retcomposite(1, 1);
 retcomposite 
--------------
 (1,2,3)
(1 row)

