CREATE EXTENSION osm2vectortiles;
SELECT point_to_tiles(1, 1);
 point_to_tiles 
----------------
 (0,0,0)
 (1,0,1)
 (2,1,2)
 (4,3,3)
 (8,7,4)
 (16,15,5)
 (32,31,6)
 (64,63,7)
 (128,127,8)
 (257,254,9)
 (514,509,10)
 (1029,1018,11)
 (2059,2036,12)
 (4118,4073,13)
 (8237,8146,14)
(15 rows)

